Odoo https://testlifesoluciones.odoo.com Life WA 573222252942 Staff 573172575981

======== CASE 2 JORGE DUEÑOS DEL BALON ========
## Start 2026-07-12T22:30:43.338Z
- **send_text**: {"ok":true,"status":0,"data":{"success":true,"data":{"id":"3EB054348D8555DF11B983","sent":true,"to":"573222252942@s.whatsapp.net"},"error":null},"stderr":""}
- **media_plan**: {"files":["UNIFORMES RODEO JORGE DUEÑOS DEL BALON.xlsx"]}
- **send_xlsx**: {"file":"UNIFORMES RODEO JORGE DUEÑOS DEL BALON.xlsx","ok":true,"success":true,"id":"3EB0C2C97CFAF633F2D1BC","error":""}
## Poll attempt 1
- **poll_1**: {"bot_snippets":[],"mine_snippets":["WACLI-KAPSO 07122230 C2 · Excel lista · JORGE DUEÑOS DEL BALON","Pedido staff E2E vía WhatsApp.\nMarker: WACLI-KAPSO 07122230 C2\nModo partner: history\nCliente JORGE DUEÑOS DEL BALON (his"]}
## Poll attempt 2
- **poll_2**: {"bot_snippets":[],"mine_snippets":["WACLI-KAPSO 07122230 C2 · Excel lista · JORGE DUEÑOS DEL BALON","Pedido staff E2E vía WhatsApp.\nMarker: WACLI-KAPSO 07122230 C2\nModo partner: history\nCliente JORGE DUEÑOS DEL BALON (his"]}
## Poll attempt 3
- **poll_3**: {"bot_snippets":["Pedido S02658 ingresado en Odoo (borrador). Total: $1547000. Para otro pedido, envíe los datos del cliente.","Excel parseado. **26 filas** · 26 M uniforme · 17 manga corta · 9 manga larga.\n\nValidado en Odoo: **Uniforme de Fútbol** · 26 unidades · $1,300,000.\n\nCliente: **JORGE DUEÑOS DEL BA"],"mine_snippets":["WACLI-KAPSO 07122230 C2 · Excel lista · JORGE DUEÑOS DEL BALON","Pedido staff E2E vía WhatsApp.\nMarker: WACLI-KAPSO 07122230 C2\nModo partner: history\nCliente JORGE 
- **odoo_recent**: {"count":1,"names":["S02658"]}
- **audit**: {"so_name":"S02658","partner":[3637,"Cliente Life"],"state":"draft","amount_total":1547000,"note_preview":"  Pedido \n\n \n\n Resumen de uniformes \n \n    Uniforme de Fútbol (26 u.):   \n \n\n \n\n Lista de jugadores (Masculino) \n \n   \n     \n       N° \n       Nombre \n       Talla \n       Rol / variante \n     \n   \n   \n      77  RODA  L  Uniforme · CORTA  \n","lines":[{"qty":1,"name":"Diseño"},{"qty":26,"name":"Uniforme de Fútbol"}],"spreadsheet_id":77,"spreadsheet_url":"https://testli
## OK S02658 partner=[3637,"Cliente Life"]

======== CASE 3 E2E NUEVO WA LUCU ========
## Start 2026-07-12T22:32:18.131Z
- **send_text**: {"ok":true,"status":0,"data":{"success":true,"data":{"id":"3EB086EEAEC814F698B4AF","sent":true,"to":"573222252942@s.whatsapp.net"},"error":null},"stderr":""}
- **media_plan**: {"files":["FORMATO PEDIDO LIFE 1 (8) LUCU FORMATOO.xlsx","LUCU DISEÑO.jpeg","LUCU LOGO.jpeg"]}
- **send_xlsx**: {"file":"FORMATO PEDIDO LIFE 1 (8) LUCU FORMATOO.xlsx","ok":true,"success":true,"id":"3EB07C5AC074E5D4D2EBA3","error":""}
- **send_image**: {"file":"LUCU DISEÑO.jpeg","ok":true,"success":true,"id":"3EB034B234AB67ECF221E3","error":""}
- **send_image**: {"file":"LUCU LOGO.jpeg","ok":true,"success":true,"id":"3EB070065BA6368B6A674E","error":""}
## Poll attempt 1
- **poll_1**: {"bot_snippets":["Producto validado: **Uniforme de Fútbol** · 19 unidades · $950,000.\n\nCliente nuevo: **E2E NUEVO WA LUCU**. Guardando datos del pedido:","Excel parseado. **19 filas** · 19 M uniforme · 2 arqueros · 19 manga corta. Fotos de diseño y logo registradas.\n\nValidando productos en Odoo:"],"mine_snippets":["WACLI-KAPSO 07122230 C3 · ref LUCU LOGO.jpeg","WACLI-KAPSO 07122230 C3 · ref LUCU DISEÑO.jpeg","WACLI-KAPSO 07122230 C3 · Excel lista · E2E NUEVO WA LUCU","Pedido staff E2E vía Wh
## Poll attempt 2
- **poll_2**: {"bot_snippets":["Pedido S02659 ingresado en Odoo (borrador). Total: $1130500. Para otro pedido, envíe los datos del cliente.","Producto validado: **Uniforme de Fútbol** · 19 unidades · $950,000.\n\nCliente nuevo: **E2E NUEVO WA LUCU**. Guardando datos del pedido:","Excel parseado. **19 filas** · 19 M uniforme · 2 arqueros · 19 manga corta. Fotos de diseño y logo registradas.\n\nValidando productos en Odoo:"],"mine_snippets":["WACLI-KAPSO 07122230 C3 · ref LUCU LOGO.jpeg","WACLI-KAPSO 07122230 C
## Poll attempt 3
- **poll_3**: {"bot_snippets":["Pedido S02659 ingresado en Odoo (borrador). Total: $1130500. Para otro pedido, envíe los datos del cliente.","Producto validado: **Uniforme de Fútbol** · 19 unidades · $950,000.\n\nCliente nuevo: **E2E NUEVO WA LUCU**. Guardando datos del pedido:","Excel parseado. **19 filas** · 19 M uniforme · 2 arqueros · 19 manga corta. Fotos de diseño y logo registradas.\n\nValidando productos en Odoo:"],"mine_snippets":["WACLI-KAPSO 07122230 C3 · ref LUCU LOGO.jpeg","WACLI-KAPSO 07122230 C
- **odoo_recent**: {"count":1,"names":["S02659"]}
- **audit**: {"so_name":"S02659","partner":[3638,"Cliente Life"],"state":"draft","amount_total":1130500,"note_preview":"  Pedido \n\n \n\n Resumen de uniformes \n \n    Uniforme de Fútbol (19 u.):   \n \n\n \n\n Lista de jugadores (Masculino) \n \n   \n     \n       N° \n       Nombre \n       Talla \n       Rol / variante \n     \n   \n   \n      19  MARTINEZ  L  Uniforme · CORT","lines":[{"qty":1,"name":"Diseño"},{"qty":19,"name":"Uniforme de Fútbol"}],"spreadsheet_id":78,"spreadsheet_url":"https://testlif
## OK S02659 partner=[3638,"Cliente Life"]

======== CASE 4 NELSON ELEFANTES ========
## Start 2026-07-12T22:34:11.595Z
- **send_text**: {"ok":true,"status":0,"data":{"success":true,"data":{"id":"3EB09660C9577E1F44AD6C","sent":true,"to":"573222252942@s.whatsapp.net"},"error":null},"stderr":""}
- **media_plan**: {"files":["PEDIDO  LIFE- 11- JULIO-2026. nelson elefantes urgentr.xlsx","nelson elefantes (1).jpeg"]}
- **send_xlsx**: {"file":"PEDIDO  LIFE- 11- JULIO-2026. nelson elefantes urgentr.xlsx","ok":true,"success":true,"id":"3EB0DFD873411C65A0E5F0","error":""}
- **send_image**: {"file":"nelson elefantes (1).jpeg","ok":true,"success":true,"id":"3EB0C943A7F894998D136A","error":""}
## Poll attempt 1
- **poll_1**: {"bot_snippets":["Excel parseado: **6 filas** · 6 M uniforme · BÁSQUETBAL · medias BLANCAS. Foto de referencia registrada.\n\nValidando producto en Odoo:"],"mine_snippets":["WACLI-KAPSO 07122230 C4 · ref nelson elefantes (1).jpeg","WACLI-KAPSO 07122230 C4 · Excel lista · NELSON ELEFANTES","Pedido staff E2E vía WhatsApp.\nMarker: WACLI-KAPSO 07122230 C4\nModo partner: history\nCliente NELSON ELEFANTES (mucha his"]}
## Poll attempt 2
- **poll_2**: {"bot_snippets":["Pedido S02660 ingresado en Odoo (borrador). Total: $357000. Para otro pedido, envíe los datos del cliente.","Producto validado: **Uniforme de Fútbol** · 6 unidades · $300,000.  \nNota: Excel indica BÁSQUETBAL; revisar deporte en Odoo.\n\nCliente: **NELSON ELEFANTES**. Guardando borrador:","Excel parseado: **6 filas** · 6 M uniforme · BÁSQUETBAL · medias BLANCAS. Foto de referencia registrada.\n\nValidando producto en Odoo:"],"mine_snippets":["WACLI-KAPSO 07122230 C4 · ref nelso
## Poll attempt 3
- **poll_3**: {"bot_snippets":["Pedido S02660 ingresado en Odoo (borrador). Total: $357000. Para otro pedido, envíe los datos del cliente.","Producto validado: **Uniforme de Fútbol** · 6 unidades · $300,000.  \nNota: Excel indica BÁSQUETBAL; revisar deporte en Odoo.\n\nCliente: **NELSON ELEFANTES**. Guardando borrador:","Excel parseado: **6 filas** · 6 M uniforme · BÁSQUETBAL · medias BLANCAS. Foto de referencia registrada.\n\nValidando producto en Odoo:"],"mine_snippets":["WACLI-KAPSO 07122230 C4 · ref nelso
- **odoo_recent**: {"count":1,"names":["S02660"]}
- **audit**: {"so_name":"S02660","partner":[3639,"Cliente Life"],"state":"draft","amount_total":357000,"note_preview":"  Pedido \n\n \n\n Resumen de uniformes \n \n    Uniforme de Fútbol (6 u.):   \n \n\n \n\n Lista de jugadores (Masculino) \n \n   \n     \n       N° \n       Nombre \n       Talla \n       Rol / variante \n     \n   \n   \n      7  SKINNER  4  Uniforme · UNIFORM","lines":[{"qty":1,"name":"Diseño"},{"qty":6,"name":"Uniforme de Fútbol"}],"spreadsheet_id":79,"spreadsheet_url":"https://testlifes
## OK S02660 partner=[3639,"Cliente Life"]

======== CASE 5 FORTALEZA OMAR ========
## Start 2026-07-12T22:35:56.300Z
- **send_text**: {"ok":true,"status":0,"data":{"success":true,"data":{"id":"3EB0F4F8E6437A7EF2FA8E","sent":true,"to":"573222252942@s.whatsapp.net"},"error":null},"stderr":""}
- **media_plan**: {"files":["QUINTO PEDIDO DE UNIFORMES 2026 FORTALEZA OMAR.xlsx"]}
- **send_xlsx**: {"file":"QUINTO PEDIDO DE UNIFORMES 2026 FORTALEZA OMAR.xlsx","ok":true,"success":true,"id":"3EB038CE2398FF817AFC8B","error":""}
## Poll attempt 1
- **poll_1**: {"bot_snippets":[],"mine_snippets":["WACLI-KAPSO 07122230 C5 · Excel lista · FORTALEZA OMAR","Pedido staff E2E vía WhatsApp.\nMarker: WACLI-KAPSO 07122230 C5\nModo partner: history\nCliente FORTALEZA OMAR (historia). "]}
## Poll attempt 2
- **poll_2**: {"bot_snippets":["No se subió el pedido: Pedido incompleto: minimo 6 uniformes del mismo diseno.. Corrija y confirme de nuevo."],"mine_snippets":["WACLI-KAPSO 07122230 C5 · Excel lista · FORTALEZA OMAR","Pedido staff E2E vía WhatsApp.\nMarker: WACLI-KAPSO 07122230 C5\nModo partner: history\nCliente FORTALEZA OMAR (historia). "]}
- **send_confirmo**: {"ok":true,"data":{"success":true,"data":{"id":"3EB0DE1D00AC18FEDF63A8","sent":true,"to":"573222252942@s.whatsapp.net"},"error":null},"message":"CONFIRMO SUBIR"}
## Poll attempt 3
- **poll_3**: {"bot_snippets":["No se subió el pedido: Pedido incompleto: minimo 6 uniformes del mismo diseno.. Corrija y confirme de nuevo.","No se subió el pedido: Pedido incompleto: minimo 6 uniformes del mismo diseno.. Corrija y confirme de nuevo."],"mine_snippets":["CONFIRMO SUBIR","WACLI-KAPSO 07122230 C5 · Excel lista · FORTALEZA OMAR","Pedido staff E2E vía WhatsApp.\nMarker: WACLI-KAPSO 07122230 C5\nModo partner: history\nCliente FORTALEZA OMAR (historia). "]}
## FAIL CONFIRMO_NOT_CONSUMED: confirmo_not_consumed_by_kapso
STOP ON ERROR CONFIRMO_NOT_CONSUMED confirmo_not_consumed_by_kapso
