Odoo target: https://testlifesoluciones.odoo.com testlifesoluciones

=== case 1 ===
{
  "ok": true,
  "order": "S02629",
  "sheet": "complete",
  "filled": 36,
  "audit_ok": true,
  "sheets": [
    "Formulario Life (Aprobación nombres, tallas y numero)",
    "Productos del pedido"
  ]
}

=== case 2 ===
{
  "ok": true,
  "order": "S02630",
  "sheet": "complete",
  "filled": 26,
  "audit_ok": true,
  "sheets": [
    "Formulario Life (Aprobación nombres, tallas y numero)",
    "Productos del pedido"
  ]
}

=== case 3 ===
{
  "ok": true,
  "order": "S02631",
  "sheet": "complete",
  "filled": 19,
  "audit_ok": true,
  "sheets": [
    "Formulario Life (Aprobación nombres, tallas y numero)",
    "Productos del pedido"
  ]
}

=== case 4 ===
{
  "ok": true,
  "order": "S02632",
  "sheet": "complete",
  "filled": 53,
  "audit_ok": true,
  "sheets": [
    "Formulario Life (Aprobación nombres, tallas y numero)",
    "Productos del pedido"
  ]
}

=== case 5 ===
{
  "ok": true,
  "order": "S02633",
  "sheet": "complete",
  "filled": 16,
  "audit_ok": true,
  "sheets": [
    "Formulario Life (Aprobación nombres, tallas y numero)",
    "Productos del pedido"
  ]
}

=== case 6 ===
{
  "ok": false
}

=== case 7 ===
{
  "ok": true,
  "order": "S02634",
  "sheet": "complete",
  "filled": 17,
  "audit_ok": true,
  "sheets": [
    "Formulario Life (Aprobación nombres, tallas y numero)",
    "Productos del pedido"
  ]
}

=== case 8 ===
{
  "ok": true,
  "order": "S02635",
  "sheet": "complete",
  "filled": 17,
  "audit_ok": true,
  "sheets": [
    "Formulario Life (Aprobación nombres, tallas y numero)",
    "Productos del pedido"
  ]
}

=== case 9 ===
{
  "ok": false
}

=== case 10 ===
{
  "ok": true,
  "order": "S02636",
  "sheet": "complete",
  "filled": 13,
  "audit_ok": true,
  "sheets": [
    "Formulario Life (Aprobación nombres, tallas y numero)",
    "Productos del pedido"
  ]
}

SUMMARY { passed: 8, failed: 2 }
