Odoo target: https://testlifesoluciones.odoo.com testlifesoluciones

=== case 1 ===
{
  "ok": true,
  "order": "S02621",
  "sheet": "complete",
  "filled": 36,
  "audit_ok": false,
  "sheets": []
}

=== case 2 ===
{
  "ok": true,
  "order": "S02622",
  "sheet": "complete",
  "filled": 26,
  "audit_ok": false,
  "sheets": []
}

=== case 3 ===
{
  "ok": true,
  "order": "S02623",
  "sheet": "complete",
  "filled": 19,
  "audit_ok": false,
  "sheets": []
}

=== case 4 ===
{
  "ok": true,
  "order": "S02624",
  "sheet": "complete",
  "filled": 53,
  "audit_ok": false,
  "sheets": []
}

=== case 5 ===
{
  "ok": true,
  "order": "S02625",
  "sheet": "complete",
  "filled": 16,
  "audit_ok": false,
  "sheets": []
}

=== case 6 ===
{
  "ok": false
}

=== case 7 ===
{
  "ok": true,
  "order": "S02626",
  "sheet": "complete",
  "filled": 17,
  "audit_ok": false,
  "sheets": []
}

=== case 8 ===
{
  "ok": true,
  "order": "S02627",
  "sheet": "complete",
  "filled": 17,
  "audit_ok": false,
  "sheets": []
}

=== case 9 ===
{
  "ok": false
}

=== case 10 ===
{
  "ok": true,
  "order": "S02628",
  "sheet": "complete",
  "filled": 13,
  "audit_ok": false,
  "sheets": []
}

SUMMARY { passed: 8, failed: 2 }
